{
  "jobs": 7,
  "worker_tokens": 2800,
  "orchestration_tokens": 280,
  "work_split": "10x worker:orchestrator",
  "unreadable_lines": 1,
  "taste": {
    "measured": 2,
    "without_outcome": 5,
    "hit_rate": 0.5,
    "smallest_hit_diff_lines": 45,
    "by_diff_size": [
      {
        "bucket": "<=50",
        "n": 1,
        "hit_rate": 1
      },
      {
        "bucket": "51-200",
        "n": 0,
        "hit_rate": 0
      },
      {
        "bucket": "201-500",
        "n": 1,
        "hit_rate": 0
      },
      {
        "bucket": ">500",
        "n": 0,
        "hit_rate": 0
      }
    ]
  }
}
